0
1
2
3
4
0
1
2
3
4
null
null
0
1
5
5
> 0
1
2
3
4
null
> 